
Auditoria v6 — curso-laboratorio-anuncios-ia/curso.html   (celular 390px, 3 temas)
1ª visita: trilha 2 controles · aula 3 controles

Aula 1: 10/10 APROVADA  · 289 palavras de prosa · 3 steps · frases >22: 0/32 · visuais reais 2 · cena 96 KB · 15 min

Aula 2: 10/10 APROVADA  · 259 palavras de prosa · 3 steps · frases >22: 0/29 · visuais reais 2 · cena 51 KB · 15 min

Aula 3: 10/10 APROVADA  · 262 palavras de prosa · 3 steps · frases >22: 0/25 · visuais reais 2 · cena 105 KB · 15 min

Aula 4: 10/10 APROVADA  · 257 palavras de prosa · 3 steps · frases >22: 0/27 · visuais reais 2 · cena 132 KB · 15 min

Aula 5: 10/10 APROVADA  · 246 palavras de prosa · 3 steps · frases >22: 0/24 · visuais reais 2 · cena 70 KB · 15 min

Aula 6: 10/10 APROVADA  · 261 palavras de prosa · 3 steps · frases >22: 0/27 · visuais reais 2 · cena 94 KB · 15 min

Aula 7: 10/10 APROVADA  · 250 palavras de prosa · 3 steps · frases >22: 0/27 · visuais reais 2 · cena 37 KB · 15 min

Aula 8: 10/10 APROVADA  · 240 palavras de prosa · 3 steps · frases >22: 0/27 · visuais reais 2 · cena 49 KB · 15 min

Aula 9: 10/10 APROVADA  · 245 palavras de prosa · 3 steps · frases >22: 0/24 · visuais reais 2 · cena 55 KB · 15 min

Aula 10: 10/10 APROVADA  · 256 palavras de prosa · 3 steps · frases >22: 0/27 · visuais reais 2 · cena 112 KB · 15 min

Aula 11: 10/10 APROVADA  · 261 palavras de prosa · 3 steps · frases >22: 1/23 · visuais reais 2 · cena 103 KB · 15 min

Aula 12: 10/10 APROVADA  · 253 palavras de prosa · 3 steps · frases >22: 0/26 · visuais reais 2 · cena 98 KB · 15 min

Aula 13: 10/10 APROVADA  · 250 palavras de prosa · 3 steps · frases >22: 0/26 · visuais reais 2 · cena 97 KB · 15 min

Aula 14: 10/10 APROVADA  · 257 palavras de prosa · 3 steps · frases >22: 0/24 · visuais reais 2 · cena 141 KB · 15 min

Aula 15: 10/10 APROVADA  · 246 palavras de prosa · 3 steps · frases >22: 0/24 · visuais reais 2 · cena 132 KB · 15 min

Aula 16: 10/10 APROVADA  · 245 palavras de prosa · 3 steps · frases >22: 0/27 · visuais reais 2 · cena 102 KB · 15 min

Aula 17: 10/10 APROVADA  · 248 palavras de prosa · 3 steps · frases >22: 0/25 · visuais reais 2 · cena 56 KB · 15 min

Aula 18: 10/10 APROVADA  · 247 palavras de prosa · 3 steps · frases >22: 0/27 · visuais reais 2 · cena 93 KB · 15 min

Aula 19: 10/10 APROVADA  · 239 palavras de prosa · 3 steps · frases >22: 0/25 · visuais reais 2 · cena 102 KB · 15 min

Aula 20: 10/10 APROVADA  · 242 palavras de prosa · 3 steps · frases >22: 0/26 · visuais reais 2 · cena 97 KB · 15 min

Aula 21: 10/10 APROVADA  · 234 palavras de prosa · 3 steps · frases >22: 0/29 · visuais reais 2 · cena 62 KB · 15 min

Aula 22: 10/10 APROVADA  · 249 palavras de prosa · 3 steps · frases >22: 0/23 · visuais reais 2 · cena 95 KB · 15 min

Aula 23: 10/10 APROVADA  · 252 palavras de prosa · 3 steps · frases >22: 0/28 · visuais reais 2 · cena 78 KB · 15 min

Aula 24: 10/10 APROVADA  · 248 palavras de prosa · 3 steps · frases >22: 0/22 · visuais reais 2 · cena 101 KB · 15 min

Média: 10.0/10 · aprovadas 24/24
Lembrete: o critério 1 é proxy — confirme com o leitor simulado (TESTE-HUMANO.md) antes de dar a aula por aprovada.
